
> react-kavia@0.1.0 start
> react-scripts start

Attempting to bind to HOST environment variable: 0.0.0.0
If this was unintentional, check that you haven't mistakenly set it in your shell.
Learn more here: https://cra.link/advanced-config

(node:103478) [DEP_WEBPACK_DEV_SERVER_ON_AFTER_SETUP_MIDDLEWARE] DeprecationWarning: 'onAfterSetupMiddleware' option is deprecated. Please use the 'setupMiddlewares' option.
(Use `node --trace-deprecation ...` to show where the warning was created)
(node:103478) [DEP_WEBPACK_DEV_SERVER_ON_BEFORE_SETUP_MIDDLEWARE] DeprecationWarning: 'onBeforeSetupMiddleware' option is deprecated. Please use the 'setupMiddlewares' option.
Starting the development server...

Compiled with warnings.

[eslint] 
src/App.js
  Line 80:17:  'setTheme' is assigned a value but never used  no-unused-vars

src/api.js
  Line 32:5:  Expected an error object to be thrown  no-throw-literal

src/pages/AI.js
  Line 226:39:  Unnecessary escape character: \.  no-useless-escape

src/pages/Backtest.js
  Line 85:12:   'renderCustomCandle' is defined but never used  no-unused-vars
  Line 93:11:   'highY' is assigned a value but never used      no-unused-vars
  Line 94:11:   'lowY' is assigned a value but never used       no-unused-vars
  Line 147:19:  'candleTop' is assigned a value but never used  no-unused-vars
  Line 148:19:  'candleBot' is assigned a value but never used  no-unused-vars

src/pages/Builder.js
  Line 274:24:  'onDragOver' is assigned a value but never used  no-unused-vars

src/pages/Dashboard.js
  Line 159:5:  'totalCost' is assigned a value but never used  no-unused-vars

src/pages/Portfolio.js
  Line 316:7:  'buys' is assigned a value but never used     no-unused-vars
  Line 325:3:  'pnl' is assigned a value but never used      no-unused-vars
  Line 379:9:  'mounted' is assigned a value but never used  no-unused-vars

src/pages/Trading.js
  Line 23:18:  'user' is assigned a value but never used       no-unused-vars
  Line 29:10:  'positions' is assigned a value but never used  no-unused-vars

Search for the keywords to learn more about each warning.
To ignore, add // eslint-disable-next-line to the line before.

WARNING in [eslint] 
src/App.js
  Line 80:17:  'setTheme' is assigned a value but never used  no-unused-vars

src/api.js
  Line 32:5:  Expected an error object to be thrown  no-throw-literal

src/pages/AI.js
  Line 226:39:  Unnecessary escape character: \.  no-useless-escape

src/pages/Backtest.js
  Line 85:12:   'renderCustomCandle' is defined but never used  no-unused-vars
  Line 93:11:   'highY' is assigned a value but never used      no-unused-vars
  Line 94:11:   'lowY' is assigned a value but never used       no-unused-vars
  Line 147:19:  'candleTop' is assigned a value but never used  no-unused-vars
  Line 148:19:  'candleBot' is assigned a value but never used  no-unused-vars

src/pages/Builder.js
  Line 274:24:  'onDragOver' is assigned a value but never used  no-unused-vars

src/pages/Dashboard.js
  Line 159:5:  'totalCost' is assigned a value but never used  no-unused-vars

src/pages/Portfolio.js
  Line 316:7:  'buys' is assigned a value but never used     no-unused-vars
  Line 325:3:  'pnl' is assigned a value but never used      no-unused-vars
  Line 379:9:  'mounted' is assigned a value but never used  no-unused-vars

src/pages/Trading.js
  Line 23:18:  'user' is assigned a value but never used       no-unused-vars
  Line 29:10:  'positions' is assigned a value but never used  no-unused-vars

webpack compiled with 1 warning
